../Core/Src/leds.c:24:13:MCP23S17_Write	24	static
../Core/Src/leds.c:35:16:MCP23S17_Read	32	static
../Core/Src/leds.c:50:13:MCP23S17_Init	8	static
../Core/Src/leds.c:68:13:Test_First_LED	8	static
../Core/Src/leds.c:77:13:LED_Chenillard	16	static
../Core/Src/leds.c:97:13:Blink_All_LEDs	16	static
../Core/Src/leds.c:111:5:shell_control_led	64	static
../Core/Src/leds.c:159:5:shell_chenillard	32	static
../Core/Src/leds.c:169:5:shell_blink_all	32	static
../Core/Src/leds.c:179:6:LED_Driver_Init	16	static
